> Task :gradle-plugin:settings-plugin:checkKotlinGradlePluginConfigurationErrors SKIPPED
> Task :gradle-plugin:shared:checkKotlinGradlePluginConfigurationErrors SKIPPED
> Task :expo-gradle-plugin:expo-autolinking-plugin-shared:checkKotlinGradlePluginConfigurationErrors SKIPPED
> Task :expo-gradle-plugin:expo-autolinking-settings-plugin:checkKotlinGradlePluginConfigurationErrors SKIPPED
> Task :expo-gradle-plugin:expo-autolinking-settings-plugin:pluginDescriptors UP-TO-DATE
> Task :gradle-plugin:settings-plugin:pluginDescriptors UP-TO-DATE
> Task :gradle-plugin:settings-plugin:processResources UP-TO-DATE
> Task :expo-gradle-plugin:expo-autolinking-settings-plugin:processResources UP-TO-DATE
> Task :expo-gradle-plugin:expo-autolinking-plugin-shared:compileKotlin UP-TO-DATE
> Task :gradle-plugin:shared:compileKotlin UP-TO-DATE
> Task :gradle-plugin:shared:compileJava NO-SOURCE
> Task :expo-gradle-plugin:expo-autolinking-plugin-shared:compileJava NO-SOURCE
> Task :expo-gradle-plugin:expo-autolinking-plugin-shared:processResources NO-SOURCE
> Task :gradle-plugin:shared:processResources NO-SOURCE
> Task :gradle-plugin:shared:classes UP-TO-DATE
> Task :expo-gradle-plugin:expo-autolinking-plugin-shared:classes UP-TO-DATE
> Task :gradle-plugin:shared:jar UP-TO-DATE
> Task :expo-gradle-plugin:expo-autolinking-plugin-shared:jar UP-TO-DATE
> Task :gradle-plugin:settings-plugin:compileKotlin UP-TO-DATE
> Task :gradle-plugin:settings-plugin:compileJava NO-SOURCE
> Task :gradle-plugin:settings-plugin:classes UP-TO-DATE
> Task :gradle-plugin:settings-plugin:jar UP-TO-DATE
> Task :expo-gradle-plugin:expo-autolinking-settings-plugin:compileKotlin UP-TO-DATE
> Task :expo-gradle-plugin:expo-autolinking-settings-plugin:compileJava NO-SOURCE
> Task :expo-gradle-plugin:expo-autolinking-settings-plugin:classes UP-TO-DATE
> Task :expo-gradle-plugin:expo-autolinking-settings-plugin:jar UP-TO-DATE
> Task :expo-gradle-plugin:expo-autolinking-plugin:checkKotlinGradlePluginConfigurationErrors SKIPPED
> Task :gradle-plugin:react-native-gradle-plugin:checkKotlinGradlePluginConfigurationErrors SKIPPED
> Task :expo-dev-launcher-gradle-plugin:checkKotlinGradlePluginConfigurationErrors SKIPPED
> Task :expo-module-gradle-plugin:checkKotlinGradlePluginConfigurationErrors SKIPPED
> Task :expo-dev-launcher-gradle-plugin:pluginDescriptors UP-TO-DATE
> Task :expo-module-gradle-plugin:pluginDescriptors UP-TO-DATE
> Task :expo-module-gradle-plugin:processResources UP-TO-DATE
> Task :expo-dev-launcher-gradle-plugin:processResources UP-TO-DATE
> Task :gradle-plugin:react-native-gradle-plugin:compileKotlin UP-TO-DATE
> Task :expo-gradle-plugin:expo-autolinking-plugin:compileKotlin UP-TO-DATE
> Task :expo-gradle-plugin:expo-autolinking-plugin:compileJava NO-SOURCE
> Task :gradle-plugin:react-native-gradle-plugin:compileJava NO-SOURCE
> Task :gradle-plugin:react-native-gradle-plugin:pluginDescriptors UP-TO-DATE
> Task :expo-gradle-plugin:expo-autolinking-plugin:pluginDescriptors UP-TO-DATE
> Task :gradle-plugin:react-native-gradle-plugin:processResources UP-TO-DATE
> Task :gradle-plugin:react-native-gradle-plugin:classes UP-TO-DATE
> Task :expo-gradle-plugin:expo-autolinking-plugin:processResources UP-TO-DATE
> Task :expo-gradle-plugin:expo-autolinking-plugin:classes UP-TO-DATE
> Task :gradle-plugin:react-native-gradle-plugin:jar UP-TO-DATE
> Task :expo-gradle-plugin:expo-autolinking-plugin:jar UP-TO-DATE
> Task :expo-module-gradle-plugin:compileKotlin UP-TO-DATE
> Task :expo-dev-launcher-gradle-plugin:compileKotlin UP-TO-DATE
> Task :expo-module-gradle-plugin:compileJava NO-SOURCE
> Task :expo-module-gradle-plugin:classes UP-TO-DATE
> Task :expo-dev-launcher-gradle-plugin:compileJava NO-SOURCE
> Task :expo-dev-launcher-gradle-plugin:classes UP-TO-DATE
> Task :expo-module-gradle-plugin:jar UP-TO-DATE
> Task :expo-dev-launcher-gradle-plugin:jar UP-TO-DATE

> Configure project :app
 ??  [33mApplying gradle plugin[0m '[32mexpo-dev-launcher-gradle-plugin[0m'

> Configure project :
[32m[ExpoRootProject][0m Using the following versions:
  - buildTools:  [32m36.0.0[0m
  - minSdk:      [32m24[0m
  - compileSdk:  [32m36[0m
  - targetSdk:   [32m36[0m
  - ndk:         [32m27.1.12297006[0m
  - kotlin:      [32m2.1.20[0m
  - ksp:         [32m2.1.20-2.0.1[0m

[Incubating] Problems report is available at: file:///D:/react-native-apps/food-delivery-app-wolt-clone/android/build/reports/problems/problems-report.html
.\gradlew.bat : 
At line:1 char:13
+ cd android; .\gradlew.bat 
assembleDebug --stacktrace 
2>&1 | Out-File  ...
+             ~~~~~~~~~~~~~~~
~~~~~~~~~~~~~~~~~~~~~~~~~~~~~
~
    + CategoryInfo           
   : NotSpecified: (:String  
  ) [], RemoteException
    + FullyQualifiedErrorId  
   : NativeCommandError
 
FAILURE: Build failed with 
an exception.

* Where:
Build file 'D:\react-native-a
pps\food-delivery-app-wolt-cl
one\android\build.gradle' 
line: 24

* What went wrong:
A problem occurred 
evaluating root project 'food
-delivery-app-wolt-clone'.
> Failed to apply plugin 'com
.facebook.react.rootproject'.
   > A problem occurred 
configuring project ':app'.
      > SDK location not 
found. Define a valid SDK 
location with an 
ANDROID_HOME environment 
variable or by setting the 
sdk.dir path in your 
project's local properties 
file at 'D:\react-native-apps
\food-delivery-app-wolt-clone
\android\local.properties'.

* Try:
> Run with --info or --debug 
option to get more log 
output.
> Run with --scan to get 
full insights.
> Get more help at 
https://help.gradle.org.

* Exception is:
org.gradle.api.GradleScriptEx
ception: A problem occurred 
evaluating root project 'food
-delivery-app-wolt-clone'.
	at org.gradle.groovy.scripts
.internal.DefaultScriptRunner
Factory$ScriptRunnerImpl.run(
DefaultScriptRunnerFactory.ja
va:93)
	at org.gradle.configuration.
DefaultScriptPluginFactory$Sc
riptPluginImpl.lambda$apply$1
(DefaultScriptPluginFactory.j
ava:141)
	at org.gradle.configuration.
ProjectScriptTarget.addConfig
uration(ProjectScriptTarget.j
ava:79)
	at org.gradle.configuration.
DefaultScriptPluginFactory$Sc
riptPluginImpl.apply(DefaultS
criptPluginFactory.java:144)
	at org.gradle.configuration.
BuildOperationScriptPlugin$1.
run(BuildOperationScriptPlugi
n.java:68)
	at org.gradle.internal.opera
tions.DefaultBuildOperationRu
nner$1.execute(DefaultBuildOp
erationRunner.java:30)
	at org.gradle.internal.opera
tions.DefaultBuildOperationRu
nner$1.execute(DefaultBuildOp
erationRunner.java:27)
	at org.gradle.internal.opera
tions.DefaultBuildOperationRu
nner$2.execute(DefaultBuildOp
erationRunner.java:67)
	at org.gradle.internal.opera
tions.DefaultBuildOperationRu
nner$2.execute(DefaultBuildOp
erationRunner.java:60)
	at org.gradle.internal.opera
tions.DefaultBuildOperationRu
nner.execute(DefaultBuildOper
ationRunner.java:167)
	at org.gradle.internal.opera
tions.DefaultBuildOperationRu
nner.execute(DefaultBuildOper
ationRunner.java:60)
	at org.gradle.internal.opera
tions.DefaultBuildOperationRu
nner.run(DefaultBuildOperatio
nRunner.java:48)
	at org.gradle.configuration.
BuildOperationScriptPlugin.la
mbda$apply$0(BuildOperationSc
riptPlugin.java:65)
	at org.gradle.internal.code.
DefaultUserCodeApplicationCon
text.apply(DefaultUserCodeApp
licationContext.java:44)
	at org.gradle.configuration.
BuildOperationScriptPlugin.ap
ply(BuildOperationScriptPlugi
n.java:65)
	at org.gradle.api.internal.p
roject.DefaultProjectStateReg
istry$ProjectStateImpl.lambda
$applyToMutableState$1(Defaul
tProjectStateRegistry.java:43
5)
	at org.gradle.api.internal.p
roject.DefaultProjectStateReg
istry$ProjectStateImpl.fromMu
tableState(DefaultProjectStat
eRegistry.java:453)
	at org.gradle.api.internal.p
roject.DefaultProjectStateReg
istry$ProjectStateImpl.applyT
oMutableState(DefaultProjectS
tateRegistry.java:434)
	at org.gradle.configuration.
project.BuildScriptProcessor.
execute(BuildScriptProcessor.
java:46)
	at org.gradle.configuration.
project.BuildScriptProcessor.
execute(BuildScriptProcessor.
java:27)
	at org.gradle.configuration.
project.ConfigureActionsProje
ctEvaluator.evaluate(Configur
eActionsProjectEvaluator.java
:35)
	at org.gradle.configuration.
project.LifecycleProjectEvalu
ator$EvaluateProject.lambda$r
un$0(LifecycleProjectEvaluato
r.java:109)
	at org.gradle.api.internal.p
roject.DefaultProjectStateReg
istry$ProjectStateImpl.lambda
$applyToMutableState$1(Defaul
tProjectStateRegistry.java:43
5)
	at org.gradle.api.internal.p
roject.DefaultProjectStateReg
istry$ProjectStateImpl.lambda
$fromMutableState$2(DefaultPr
ojectStateRegistry.java:458)
	at org.gradle.internal.work.
DefaultWorkerLeaseService.wit
hReplacedLocks(DefaultWorkerL
easeService.java:359)
	at org.gradle.api.internal.p
roject.DefaultProjectStateReg
istry$ProjectStateImpl.fromMu
tableState(DefaultProjectStat
eRegistry.java:458)
	at org.gradle.api.internal.p
roject.DefaultProjectStateReg
istry$ProjectStateImpl.applyT
oMutableState(DefaultProjectS
tateRegistry.java:434)
	at org.gradle.configuration.
project.LifecycleProjectEvalu
ator$EvaluateProject.run(Life
cycleProjectEvaluator.java:10
0)
	at org.gradle.internal.opera
tions.DefaultBuildOperationRu
nner$1.execute(DefaultBuildOp
erationRunner.java:30)
	at org.gradle.internal.opera
tions.DefaultBuildOperationRu
nner$1.execute(DefaultBuildOp
erationRunner.java:27)
	at org.gradle.internal.opera
tions.DefaultBuildOperationRu
nner$2.execute(DefaultBuildOp
erationRunner.java:67)
	at org.gradle.internal.opera
tions.DefaultBuildOperationRu
nner$2.execute(DefaultBuildOp
erationRunner.java:60)
	at org.gradle.internal.opera
tions.DefaultBuildOperationRu
nner.execute(DefaultBuildOper
ationRunner.java:167)
	at org.gradle.internal.opera
tions.DefaultBuildOperationRu
nner.execute(DefaultBuildOper
ationRunner.java:60)
	at org.gradle.internal.opera
tions.DefaultBuildOperationRu
nner.run(DefaultBuildOperatio
nRunner.java:48)
	at org.gradle.configuration.
project.LifecycleProjectEvalu
ator.evaluate(LifecycleProjec
tEvaluator.java:72)
	at org.gradle.api.internal.p
roject.DefaultProject.evaluat
eUnchecked(DefaultProject.jav
a:827)
	at org.gradle.api.internal.p
roject.ProjectLifecycleContro
ller.lambda$ensureSelfConfigu
red$2(ProjectLifecycleControl
ler.java:88)
	at org.gradle.internal.model
.StateTransitionController.la
mbda$doTransition$14(StateTra
nsitionController.java:255)
	at org.gradle.internal.model
.StateTransitionController.do
Transition(StateTransitionCon
troller.java:266)
	at org.gradle.internal.model
.StateTransitionController.do
Transition(StateTransitionCon
troller.java:254)
	at org.gradle.internal.model
.StateTransitionController.la
mbda$maybeTransitionIfNotCurr
entlyTransitioning$10(StateTr
ansitionController.java:199)
	at org.gradle.internal.work.
DefaultSynchronizer.withLock(
DefaultSynchronizer.java:36)
	at org.gradle.internal.model
.StateTransitionController.ma
ybeTransitionIfNotCurrentlyTr
ansitioning(StateTransitionCo
ntroller.java:195)
	at org.gradle.api.internal.p
roject.ProjectLifecycleContro
ller.ensureSelfConfigured(Pro
jectLifecycleController.java:
88)
	at org.gradle.api.internal.p
roject.DefaultProjectStateReg
istry$ProjectStateImpl.ensure
Configured(DefaultProjectStat
eRegistry.java:400)
	at org.gradle.execution.Task
PathProjectEvaluator.configur
e(TaskPathProjectEvaluator.ja
va:70)
	at org.gradle.execution.Task
PathProjectEvaluator.configur
eHierarchy(TaskPathProjectEva
luator.java:84)
	at org.gradle.configuration.
DefaultProjectsPreparer.prepa
reProjects(DefaultProjectsPre
parer.java:50)
	at org.gradle.configuration.
BuildTreePreparingProjectsPre
parer.prepareProjects(BuildTr
eePreparingProjectsPreparer.j
ava:65)
	at org.gradle.configuration.
BuildOperationFiringProjectsP
reparer$ConfigureBuild.run(Bu
ildOperationFiringProjectsPre
parer.java:52)
	at org.gradle.internal.opera
tions.DefaultBuildOperationRu
nner$1.execute(DefaultBuildOp
erationRunner.java:30)
	at org.gradle.internal.opera
tions.DefaultBuildOperationRu
nner$1.execute(DefaultBuildOp
erationRunner.java:27)
	at org.gradle.internal.opera
tions.DefaultBuildOperationRu
nner$2.execute(DefaultBuildOp
erationRunner.java:67)
	at org.gradle.internal.opera
tions.DefaultBuildOperationRu
nner$2.execute(DefaultBuildOp
erationRunner.java:60)
	at org.gradle.internal.opera
tions.DefaultBuildOperationRu
nner.execute(DefaultBuildOper
ationRunner.java:167)
	at org.gradle.internal.opera
tions.DefaultBuildOperationRu
nner.execute(DefaultBuildOper
ationRunner.java:60)
	at org.gradle.internal.opera
tions.DefaultBuildOperationRu
nner.run(DefaultBuildOperatio
nRunner.java:48)
	at org.gradle.configuration.
BuildOperationFiringProjectsP
reparer.prepareProjects(Build
OperationFiringProjectsPrepar
er.java:40)
	at org.gradle.initialization
.VintageBuildModelController.
lambda$prepareProjects$2(Vint
ageBuildModelController.java:
84)
	at org.gradle.internal.model
.StateTransitionController.la
mbda$doTransition$14(StateTra
nsitionController.java:255)
	at org.gradle.internal.model
.StateTransitionController.do
Transition(StateTransitionCon
troller.java:266)
	at org.gradle.internal.model
.StateTransitionController.do
Transition(StateTransitionCon
troller.java:254)
	at org.gradle.internal.model
.StateTransitionController.la
mbda$transitionIfNotPreviousl
y$11(StateTransitionControlle
r.java:213)
	at org.gradle.internal.work.
DefaultSynchronizer.withLock(
DefaultSynchronizer.java:36)
	at org.gradle.internal.model
.StateTransitionController.tr
ansitionIfNotPreviously(State
TransitionController.java:209
)
	at org.gradle.initialization
.VintageBuildModelController.
prepareProjects(VintageBuildM
odelController.java:84)
	at org.gradle.initialization
.VintageBuildModelController.
prepareToScheduleTasks(Vintag
eBuildModelController.java:71
)
	at org.gradle.internal.build
.DefaultBuildLifecycleControl
ler.lambda$prepareToScheduleT
asks$6(DefaultBuildLifecycleC
ontroller.java:175)
	at org.gradle.internal.model
.StateTransitionController.la
mbda$doTransition$14(StateTra
nsitionController.java:255)
	at org.gradle.internal.model
.StateTransitionController.do
Transition(StateTransitionCon
troller.java:266)
	at org.gradle.internal.model
.StateTransitionController.do
Transition(StateTransitionCon
troller.java:254)
	at org.gradle.internal.model
.StateTransitionController.la
mbda$maybeTransition$9(StateT
ransitionController.java:190)
	at org.gradle.internal.work.
DefaultSynchronizer.withLock(
DefaultSynchronizer.java:36)
	at org.gradle.internal.model
.StateTransitionController.ma
ybeTransition(StateTransition
Controller.java:186)
	at org.gradle.internal.build
.DefaultBuildLifecycleControl
ler.prepareToScheduleTasks(De
faultBuildLifecycleController
.java:173)
	at org.gradle.internal.build
tree.DefaultBuildTreeWorkPrep
arer.scheduleRequestedTasks(D
efaultBuildTreeWorkPreparer.j
ava:36)
	at org.gradle.internal.cc.im
pl.VintageBuildTreeWorkContro
ller$scheduleAndRunRequestedT
asks$1.apply(VintageBuildTree
WorkController.kt:36)
	at org.gradle.internal.cc.im
pl.VintageBuildTreeWorkContro
ller$scheduleAndRunRequestedT
asks$1.apply(VintageBuildTree
WorkController.kt:35)
	at org.gradle.composite.inte
rnal.DefaultIncludedBuildTask
Graph.withNewWorkGraph(Defaul
tIncludedBuildTaskGraph.java:
112)
	at org.gradle.internal.cc.im
pl.VintageBuildTreeWorkContro
ller.scheduleAndRunRequestedT
asks(VintageBuildTreeWorkCont
roller.kt:35)
	at org.gradle.internal.build
tree.DefaultBuildTreeLifecycl
eController.lambda$scheduleAn
dRunTasks$1(DefaultBuildTreeL
ifecycleController.java:77)
	at org.gradle.internal.build
tree.DefaultBuildTreeLifecycl
eController.lambda$runBuild$4
(DefaultBuildTreeLifecycleCon
troller.java:120)
	at org.gradle.internal.model
.StateTransitionController.la
mbda$transition$6(StateTransi
tionController.java:169)
	at org.gradle.internal.model
.StateTransitionController.do
Transition(StateTransitionCon
troller.java:266)
	at org.gradle.internal.model
.StateTransitionController.la
mbda$transition$7(StateTransi
tionController.java:169)
	at org.gradle.internal.work.
DefaultSynchronizer.withLock(
DefaultSynchronizer.java:46)
	at org.gradle.internal.model
.StateTransitionController.tr
ansition(StateTransitionContr
oller.java:169)
	at org.gradle.internal.build
tree.DefaultBuildTreeLifecycl
eController.runBuild(DefaultB
uildTreeLifecycleController.j
ava:117)
	at org.gradle.internal.build
tree.DefaultBuildTreeLifecycl
eController.scheduleAndRunTas
ks(DefaultBuildTreeLifecycleC
ontroller.java:77)
	at org.gradle.internal.build
tree.DefaultBuildTreeLifecycl
eController.scheduleAndRunTas
ks(DefaultBuildTreeLifecycleC
ontroller.java:72)
	at org.gradle.tooling.intern
al.provider.ExecuteBuildActio
nRunner.run(ExecuteBuildActio
nRunner.java:31)
	at org.gradle.launcher.exec.
ChainingBuildActionRunner.run
(ChainingBuildActionRunner.ja
va:35)
	at org.gradle.internal.build
tree.ProblemReportingBuildAct
ionRunner.run(ProblemReportin
gBuildActionRunner.java:49)
	at org.gradle.launcher.exec.
BuildOutcomeReportingBuildAct
ionRunner.run(BuildOutcomeRep
ortingBuildActionRunner.java:
71)
	at org.gradle.tooling.intern
al.provider.FileSystemWatchin
gBuildActionRunner.run(FileSy
stemWatchingBuildActionRunner
.java:135)
	at org.gradle.launcher.exec.
BuildCompletionNotifyingBuild
ActionRunner.run(BuildComplet
ionNotifyingBuildActionRunner
.java:41)
	at org.gradle.launcher.exec.
RootBuildLifecycleBuildAction
Executor.lambda$execute$0(Roo
tBuildLifecycleBuildActionExe
cutor.java:54)
	at org.gradle.composite.inte
rnal.DefaultRootBuildState.ru
n(DefaultRootBuildState.java:
130)
	at org.gradle.launcher.exec.
RootBuildLifecycleBuildAction
Executor.execute(RootBuildLif
ecycleBuildActionExecutor.jav
a:54)
	at org.gradle.internal.build
tree.InitDeprecationLoggingAc
tionExecutor.execute(InitDepr
ecationLoggingActionExecutor.
java:62)
	at org.gradle.internal.build
tree.InitProblems.execute(Ini
tProblems.java:36)
	at org.gradle.internal.build
tree.DefaultBuildTreeContext.
execute(DefaultBuildTreeConte
xt.java:40)
	at org.gradle.launcher.exec.
BuildTreeLifecycleBuildAction
Executor.lambda$execute$0(Bui
ldTreeLifecycleBuildActionExe
cutor.java:71)
	at org.gradle.internal.build
tree.BuildTreeState.run(Build
TreeState.java:60)
	at org.gradle.launcher.exec.
BuildTreeLifecycleBuildAction
Executor.execute(BuildTreeLif
ecycleBuildActionExecutor.jav
a:71)
	at org.gradle.launcher.exec.
RunAsBuildOperationBuildActio
nExecutor$2.call(RunAsBuildOp
erationBuildActionExecutor.ja
va:67)
	at org.gradle.launcher.exec.
RunAsBuildOperationBuildActio
nExecutor$2.call(RunAsBuildOp
erationBuildActionExecutor.ja
va:63)
	at org.gradle.internal.opera
tions.DefaultBuildOperationRu
nner$CallableBuildOperationWo
rker.execute(DefaultBuildOper
ationRunner.java:210)
	at org.gradle.internal.opera
tions.DefaultBuildOperationRu
nner$CallableBuildOperationWo
rker.execute(DefaultBuildOper
ationRunner.java:205)
	at org.gradle.internal.opera
tions.DefaultBuildOperationRu
nner$2.execute(DefaultBuildOp
erationRunner.java:67)
	at org.gradle.internal.opera
tions.DefaultBuildOperationRu
nner$2.execute(DefaultBuildOp
erationRunner.java:60)
	at org.gradle.internal.opera
tions.DefaultBuildOperationRu
nner.execute(DefaultBuildOper
ationRunner.java:167)
	at org.gradle.internal.opera
tions.DefaultBuildOperationRu
nner.execute(DefaultBuildOper
ationRunner.java:60)
	at org.gradle.internal.opera
tions.DefaultBuildOperationRu
nner.call(DefaultBuildOperati
onRunner.java:54)
	at org.gradle.launcher.exec.
RunAsBuildOperationBuildActio
nExecutor.execute(RunAsBuildO
perationBuildActionExecutor.j
ava:63)
	at org.gradle.launcher.exec.
RunAsWorkerThreadBuildActionE
xecutor.lambda$execute$0(RunA
sWorkerThreadBuildActionExecu
tor.java:36)
	at org.gradle.internal.work.
DefaultWorkerLeaseService.wit
hLocks(DefaultWorkerLeaseServ
ice.java:263)
	at org.gradle.internal.work.
DefaultWorkerLeaseService.run
AsWorkerThread(DefaultWorkerL
easeService.java:127)
	at org.gradle.launcher.exec.
RunAsWorkerThreadBuildActionE
xecutor.execute(RunAsWorkerTh
readBuildActionExecutor.java:
36)
	at org.gradle.tooling.intern
al.provider.continuous.Contin
uousBuildActionExecutor.execu
te(ContinuousBuildActionExecu
tor.java:110)
	at org.gradle.tooling.intern
al.provider.SubscribableBuild
ActionExecutor.execute(Subscr
ibableBuildActionExecutor.jav
a:64)
	at org.gradle.internal.sessi
on.DefaultBuildSessionContext
.execute(DefaultBuildSessionC
ontext.java:46)
	at org.gradle.internal.build
process.execution.BuildSessio
nLifecycleBuildActionExecutor
$ActionImpl.apply(BuildSessio
nLifecycleBuildActionExecutor
.java:92)
	at org.gradle.internal.build
process.execution.BuildSessio
nLifecycleBuildActionExecutor
$ActionImpl.apply(BuildSessio
nLifecycleBuildActionExecutor
.java:80)
	at org.gradle.internal.sessi
on.BuildSessionState.run(Buil
dSessionState.java:73)
	at org.gradle.internal.build
process.execution.BuildSessio
nLifecycleBuildActionExecutor
.execute(BuildSessionLifecycl
eBuildActionExecutor.java:62)
	at org.gradle.internal.build
process.execution.BuildSessio
nLifecycleBuildActionExecutor
.execute(BuildSessionLifecycl
eBuildActionExecutor.java:41)
	at org.gradle.internal.build
process.execution.StartParams
ValidatingActionExecutor.exec
ute(StartParamsValidatingActi
onExecutor.java:64)
	at org.gradle.internal.build
process.execution.StartParams
ValidatingActionExecutor.exec
ute(StartParamsValidatingActi
onExecutor.java:32)
	at org.gradle.internal.build
process.execution.SessionFail
ureReportingActionExecutor.ex
ecute(SessionFailureReporting
ActionExecutor.java:51)
	at org.gradle.internal.build
process.execution.SessionFail
ureReportingActionExecutor.ex
ecute(SessionFailureReporting
ActionExecutor.java:39)
	at org.gradle.internal.build
process.execution.SetupLoggin
gActionExecutor.execute(Setup
LoggingActionExecutor.java:47
)
	at org.gradle.internal.build
process.execution.SetupLoggin
gActionExecutor.execute(Setup
LoggingActionExecutor.java:31
)
	at org.gradle.launcher.daemo
n.server.exec.ExecuteBuild.do
Build(ExecuteBuild.java:70)
	at org.gradle.launcher.daemo
n.server.exec.BuildCommandOnl
y.execute(BuildCommandOnly.ja
va:37)
	at org.gradle.launcher.daemo
n.server.api.DaemonCommandExe
cution.proceed(DaemonCommandE
xecution.java:104)
	at org.gradle.launcher.daemo
n.server.exec.WatchForDisconn
ection.execute(WatchForDiscon
nection.java:39)
	at org.gradle.launcher.daemo
n.server.api.DaemonCommandExe
cution.proceed(DaemonCommandE
xecution.java:104)
	at org.gradle.launcher.daemo
n.server.exec.ResetDeprecatio
nLogger.execute(ResetDeprecat
ionLogger.java:29)
	at org.gradle.launcher.daemo
n.server.api.DaemonCommandExe
cution.proceed(DaemonCommandE
xecution.java:104)
	at org.gradle.launcher.daemo
n.server.exec.RequestStopIfSi
ngleUsedDaemon.execute(Reques
tStopIfSingleUsedDaemon.java:
35)
	at org.gradle.launcher.daemo
n.server.api.DaemonCommandExe
cution.proceed(DaemonCommandE
xecution.java:104)
	at org.gradle.launcher.daemo
n.server.exec.ForwardClientIn
put.lambda$execute$0(ForwardC
lientInput.java:40)
	at org.gradle.internal.daemo
n.clientinput.ClientInputForw
arder.forwardInput(ClientInpu
tForwarder.java:80)
	at org.gradle.launcher.daemo
n.server.exec.ForwardClientIn
put.execute(ForwardClientInpu
t.java:37)
	at org.gradle.launcher.daemo
n.server.api.DaemonCommandExe
cution.proceed(DaemonCommandE
xecution.java:104)
	at org.gradle.launcher.daemo
n.server.exec.LogAndCheckHeal
th.execute(LogAndCheckHealth.
java:64)
	at org.gradle.launcher.daemo
n.server.api.DaemonCommandExe
cution.proceed(DaemonCommandE
xecution.java:104)
	at org.gradle.launcher.daemo
n.server.exec.LogToClient.doB
uild(LogToClient.java:63)
	at org.gradle.launcher.daemo
n.server.exec.BuildCommandOnl
y.execute(BuildCommandOnly.ja
va:37)
	at org.gradle.launcher.daemo
n.server.api.DaemonCommandExe
cution.proceed(DaemonCommandE
xecution.java:104)
	at org.gradle.launcher.daemo
n.server.exec.EstablishBuildE
nvironment.doBuild(EstablishB
uildEnvironment.java:84)
	at org.gradle.launcher.daemo
n.server.exec.BuildCommandOnl
y.execute(BuildCommandOnly.ja
va:37)
	at org.gradle.launcher.daemo
n.server.api.DaemonCommandExe
cution.proceed(DaemonCommandE
xecution.java:104)
	at org.gradle.launcher.daemo
n.server.exec.StartBuildOrRes
pondWithBusy$1.run(StartBuild
OrRespondWithBusy.java:52)
	at org.gradle.launcher.daemo
n.server.DaemonStateCoordinat
or.lambda$runCommand$0(Daemon
StateCoordinator.java:321)
	at org.gradle.internal.concu
rrent.ExecutorPolicy$CatchAnd
RecordFailures.onExecute(Exec
utorPolicy.java:64)
	at org.gradle.internal.concu
rrent.AbstractManagedExecutor
$1.run(AbstractManagedExecuto
r.java:48)
Caused by: org.gradle.api.int
ernal.plugins.PluginApplicati
onException: Failed to apply 
plugin 'com.facebook.react.ro
otproject'.
	at org.gradle.api.internal.p
lugins.DefaultPluginManager.d
oApply(DefaultPluginManager.j
ava:176)
	at org.gradle.api.internal.p
lugins.DefaultPluginManager.a
pply(DefaultPluginManager.jav
a:148)
	at org.gradle.api.internal.p
lugins.DefaultObjectConfigura
tionAction.applyType(DefaultO
bjectConfigurationAction.java
:162)
	at org.gradle.api.internal.p
lugins.DefaultObjectConfigura
tionAction.access$200(Default
ObjectConfigurationAction.jav
a:44)
	at org.gradle.api.internal.p
lugins.DefaultObjectConfigura
tionAction$3.run(DefaultObjec
tConfigurationAction.java:99)
	at org.gradle.api.internal.p
lugins.DefaultObjectConfigura
tionAction.execute(DefaultObj
ectConfigurationAction.java:1
85)
	at org.gradle.api.internal.p
roject.AbstractPluginAware.ap
ply(AbstractPluginAware.java:
49)
	at org.gradle.api.internal.p
roject.DefaultProject.apply(D
efaultProject.java:1555)
	at org.gradle.api.internal.p
roject.ProjectScript.apply(Pr
ojectScript.java:37)
	at org.gradle.api.Script$app
ly$0.callCurrent(Unknown 
Source)
	at build_aln4u7mz8yd6o7ky9dm
a85e94.run(D:\react-native-ap
ps\food-delivery-app-wolt-clo
ne\android\build.gradle:24)
	at org.gradle.groovy.scripts
.internal.DefaultScriptRunner
Factory$ScriptRunnerImpl.run(
DefaultScriptRunnerFactory.ja
va:91)
	... 158 more
Caused by: org.gradle.api.Pro
jectConfigurationException: 
A problem occurred 
configuring project ':app'.
	at org.gradle.configuration.
project.LifecycleProjectEvalu
ator.wrapException(LifecycleP
rojectEvaluator.java:84)
	at org.gradle.configuration.
project.LifecycleProjectEvalu
ator.addConfigurationFailure(
LifecycleProjectEvaluator.jav
a:77)
	at org.gradle.configuration.
project.LifecycleProjectEvalu
ator.access$500(LifecycleProj
ectEvaluator.java:55)
	at org.gradle.configuration.
project.LifecycleProjectEvalu
ator$NotifyAfterEvaluate.run(
LifecycleProjectEvaluator.jav
a:255)
	at org.gradle.internal.opera
tions.DefaultBuildOperationRu
nner$1.execute(DefaultBuildOp
erationRunner.java:30)
	at org.gradle.internal.opera
tions.DefaultBuildOperationRu
nner$1.execute(DefaultBuildOp
erationRunner.java:27)
	at org.gradle.internal.opera
tions.DefaultBuildOperationRu
nner$2.execute(DefaultBuildOp
erationRunner.java:67)
	at org.gradle.internal.opera
tions.DefaultBuildOperationRu
nner$2.execute(DefaultBuildOp
erationRunner.java:60)
	at org.gradle.internal.opera
tions.DefaultBuildOperationRu
nner.execute(DefaultBuildOper
ationRunner.java:167)
	at org.gradle.internal.opera
tions.DefaultBuildOperationRu
nner.execute(DefaultBuildOper
ationRunner.java:60)
	at org.gradle.internal.opera
tions.DefaultBuildOperationRu
nner.run(DefaultBuildOperatio
nRunner.java:48)
	at org.gradle.configuration.
project.LifecycleProjectEvalu
ator$EvaluateProject.lambda$r
un$0(LifecycleProjectEvaluato
r.java:114)
	at org.gradle.api.internal.p
roject.DefaultProjectStateReg
istry$ProjectStateImpl.lambda
$applyToMutableState$1(Defaul
tProjectStateRegistry.java:43
5)
	at org.gradle.api.internal.p
roject.DefaultProjectStateReg
istry$ProjectStateImpl.lambda
$fromMutableState$2(DefaultPr
ojectStateRegistry.java:458)
	at org.gradle.internal.work.
DefaultWorkerLeaseService.wit
hReplacedLocks(DefaultWorkerL
easeService.java:359)
	at org.gradle.api.internal.p
roject.DefaultProjectStateReg
istry$ProjectStateImpl.fromMu
tableState(DefaultProjectStat
eRegistry.java:458)
	at org.gradle.api.internal.p
roject.DefaultProjectStateReg
istry$ProjectStateImpl.applyT
oMutableState(DefaultProjectS
tateRegistry.java:434)
	at org.gradle.configuration.
project.LifecycleProjectEvalu
ator$EvaluateProject.run(Life
cycleProjectEvaluator.java:10
0)
	at org.gradle.internal.opera
tions.DefaultBuildOperationRu
nner$1.execute(DefaultBuildOp
erationRunner.java:30)
	at org.gradle.internal.opera
tions.DefaultBuildOperationRu
nner$1.execute(DefaultBuildOp
erationRunner.java:27)
	at org.gradle.internal.opera
tions.DefaultBuildOperationRu
nner$2.execute(DefaultBuildOp
erationRunner.java:67)
	at org.gradle.internal.opera
tions.DefaultBuildOperationRu
nner$2.execute(DefaultBuildOp
erationRunner.java:60)
	at org.gradle.internal.opera
tions.DefaultBuildOperationRu
nner.execute(DefaultBuildOper
ationRunner.java:167)
	at org.gradle.internal.opera
tions.DefaultBuildOperationRu
nner.execute(DefaultBuildOper
ationRunner.java:60)
	at org.gradle.internal.opera
tions.DefaultBuildOperationRu
nner.run(DefaultBuildOperatio
nRunner.java:48)
	at org.gradle.configuration.
project.LifecycleProjectEvalu
ator.evaluate(LifecycleProjec
tEvaluator.java:72)
	at org.gradle.api.internal.p
roject.DefaultProject.evaluat
eUnchecked(DefaultProject.jav
a:827)
	at org.gradle.api.internal.p
roject.ProjectLifecycleContro
ller.lambda$ensureSelfConfigu
red$2(ProjectLifecycleControl
ler.java:88)
	at org.gradle.internal.model
.StateTransitionController.la
mbda$doTransition$14(StateTra
nsitionController.java:255)
	at org.gradle.internal.model
.StateTransitionController.do
Transition(StateTransitionCon
troller.java:266)
	at org.gradle.internal.model
.StateTransitionController.do
Transition(StateTransitionCon
troller.java:254)
	at org.gradle.internal.model
.StateTransitionController.la
mbda$maybeTransitionIfNotCurr
entlyTransitioning$10(StateTr
ansitionController.java:199)
	at org.gradle.internal.work.
DefaultSynchronizer.withLock(
DefaultSynchronizer.java:36)
	at org.gradle.internal.model
.StateTransitionController.ma
ybeTransitionIfNotCurrentlyTr
ansitioning(StateTransitionCo
ntroller.java:195)
	at org.gradle.api.internal.p
roject.ProjectLifecycleContro
ller.ensureSelfConfigured(Pro
jectLifecycleController.java:
88)
	at org.gradle.api.internal.p
roject.DefaultProjectStateReg
istry$ProjectStateImpl.ensure
Configured(DefaultProjectStat
eRegistry.java:400)
	at org.gradle.api.internal.p
roject.DefaultProject.evaluat
ionDependsOn(DefaultProject.j
ava:913)
	at org.gradle.api.internal.p
roject.DefaultProject.evaluat
ionDependsOn(DefaultProject.j
ava:904)
	at com.facebook.react.ReactR
ootProjectPlugin.apply$lambda
$0(ReactRootProjectPlugin.kt:
26)
	at com.facebook.react.ReactR
ootProjectPlugin.apply$lambda
$1(ReactRootProjectPlugin.kt:
21)
	at org.gradle.api.internal.D
efaultMutationGuard$1.execute
(DefaultMutationGuard.java:66
)
	at org.gradle.internal.Actio
ns.with(Actions.java:206)
	at org.gradle.api.internal.p
roject.BuildOperationCrossPro
jectConfigurator$1.run(BuildO
perationCrossProjectConfigura
tor.java:68)
	at org.gradle.internal.opera
tions.DefaultBuildOperationRu
nner$1.execute(DefaultBuildOp
erationRunner.java:30)
	at org.gradle.internal.opera
tions.DefaultBuildOperationRu
nner$1.execute(DefaultBuildOp
erationRunner.java:27)
	at org.gradle.internal.opera
tions.DefaultBuildOperationRu
nner$2.execute(DefaultBuildOp
erationRunner.java:67)
	at org.gradle.internal.opera
tions.DefaultBuildOperationRu
nner$2.execute(DefaultBuildOp
erationRunner.java:60)
	at org.gradle.internal.opera
tions.DefaultBuildOperationRu
nner.execute(DefaultBuildOper
ationRunner.java:167)
	at org.gradle.internal.opera
tions.DefaultBuildOperationRu
nner.execute(DefaultBuildOper
ationRunner.java:60)
	at org.gradle.internal.opera
tions.DefaultBuildOperationRu
nner.run(DefaultBuildOperatio
nRunner.java:48)
	at org.gradle.api.internal.p
roject.BuildOperationCrossPro
jectConfigurator.lambda$runPr
ojectConfigureAction$0(BuildO
perationCrossProjectConfigura
tor.java:65)
	at org.gradle.api.internal.p
roject.DefaultProjectStateReg
istry$ProjectStateImpl.lambda
$applyToMutableState$1(Defaul
tProjectStateRegistry.java:43
5)
	at org.gradle.api.internal.p
roject.DefaultProjectStateReg
istry$ProjectStateImpl.lambda
$fromMutableState$2(DefaultPr
ojectStateRegistry.java:458)
	at org.gradle.internal.work.
DefaultWorkerLeaseService.wit
hReplacedLocks(DefaultWorkerL
easeService.java:359)
	at org.gradle.api.internal.p
roject.DefaultProjectStateReg
istry$ProjectStateImpl.fromMu
tableState(DefaultProjectStat
eRegistry.java:458)
	at org.gradle.api.internal.p
roject.DefaultProjectStateReg
istry$ProjectStateImpl.applyT
oMutableState(DefaultProjectS
tateRegistry.java:434)
	at org.gradle.api.internal.p
roject.BuildOperationCrossPro
jectConfigurator.runProjectCo
nfigureAction(BuildOperationC
rossProjectConfigurator.java:
65)
	at org.gradle.api.internal.p
roject.BuildOperationCrossPro
jectConfigurator.access$100(B
uildOperationCrossProjectConf
igurator.java:31)
	at org.gradle.api.internal.p
roject.BuildOperationCrossPro
jectConfigurator$BlockConfigu
reBuildOperation.run(BuildOpe
rationCrossProjectConfigurato
r.java:106)
	at org.gradle.internal.opera
tions.DefaultBuildOperationRu
nner$1.execute(DefaultBuildOp
erationRunner.java:30)
	at org.gradle.internal.opera
tions.DefaultBuildOperationRu
nner$1.execute(DefaultBuildOp
erationRunner.java:27)
	at org.gradle.internal.opera
tions.DefaultBuildOperationRu
nner$2.execute(DefaultBuildOp
erationRunner.java:67)
	at org.gradle.internal.opera
tions.DefaultBuildOperationRu
nner$2.execute(DefaultBuildOp
erationRunner.java:60)
	at org.gradle.internal.opera
tions.DefaultBuildOperationRu
nner.execute(DefaultBuildOper
ationRunner.java:167)
	at org.gradle.internal.opera
tions.DefaultBuildOperationRu
nner.execute(DefaultBuildOper
ationRunner.java:60)
	at org.gradle.internal.opera
tions.DefaultBuildOperationRu
nner.run(DefaultBuildOperatio
nRunner.java:48)
	at org.gradle.api.internal.p
roject.BuildOperationCrossPro
jectConfigurator.runBlockConf
igureAction(BuildOperationCro
ssProjectConfigurator.java:61
)
	at org.gradle.api.internal.p
roject.BuildOperationCrossPro
jectConfigurator.subprojects(
BuildOperationCrossProjectCon
figurator.java:47)
	at org.gradle.api.internal.p
roject.DefaultProject.subproj
ects(DefaultProject.java:780)
	at org.gradle.api.internal.p
roject.DefaultProject.subproj
ects(DefaultProject.java:775)
	at com.facebook.react.ReactR
ootProjectPlugin.apply(ReactR
ootProjectPlugin.kt:21)
	at com.facebook.react.ReactR
ootProjectPlugin.apply(ReactR
ootProjectPlugin.kt:19)
	at org.gradle.api.internal.p
lugins.ImperativeOnlyPluginTa
rget.applyImperative(Imperati
veOnlyPluginTarget.java:55)
	at org.gradle.api.internal.p
lugins.RuleBasedPluginTarget.
applyImperative(RuleBasedPlug
inTarget.java:51)
	at org.gradle.api.internal.p
lugins.DefaultPluginManager.a
ddPlugin(DefaultPluginManager
.java:190)
	at org.gradle.api.internal.p
lugins.DefaultPluginManager.a
ccess$100(DefaultPluginManage
r.java:54)
	at org.gradle.api.internal.p
lugins.DefaultPluginManager$A
ddPluginBuildOperation.run(De
faultPluginManager.java:285)
	at org.gradle.internal.opera
tions.DefaultBuildOperationRu
nner$1.execute(DefaultBuildOp
erationRunner.java:30)
	at org.gradle.internal.opera
tions.DefaultBuildOperationRu
nner$1.execute(DefaultBuildOp
erationRunner.java:27)
	at org.gradle.internal.opera
tions.DefaultBuildOperationRu
nner$2.execute(DefaultBuildOp
erationRunner.java:67)
	at org.gradle.internal.opera
tions.DefaultBuildOperationRu
nner$2.execute(DefaultBuildOp
erationRunner.java:60)
	at org.gradle.internal.opera
tions.DefaultBuildOperationRu
nner.execute(DefaultBuildOper
ationRunner.java:167)
	at org.gradle.internal.opera
tions.DefaultBuildOperationRu
nner.execute(DefaultBuildOper
ationRunner.java:60)
	at org.gradle.internal.opera
tions.DefaultBuildOperationRu
nner.run(DefaultBuildOperatio
nRunner.java:48)
	at org.gradle.api.internal.p
lugins.DefaultPluginManager.l
ambda$doApply$0(DefaultPlugin
Manager.java:170)
	at org.gradle.internal.code.
DefaultUserCodeApplicationCon
text.apply(DefaultUserCodeApp
licationContext.java:44)
	at org.gradle.api.internal.p
lugins.DefaultPluginManager.d
oApply(DefaultPluginManager.j
ava:169)
	... 169 more
Caused by: com.android.builde
r.errors.EvalIssueException: 
SDK location not found. 
Define a valid SDK location 
with an ANDROID_HOME 
environment variable or by 
setting the sdk.dir path in 
your project's local 
properties file at 'D:\react-
native-apps\food-delivery-app
-wolt-clone\android\local.pro
perties'.
	at com.android.builder.error
s.IssueReporter.reportError(I
ssueReporter.kt:119)
	at com.android.builder.error
s.IssueReporter.reportError$d
efault(IssueReporter.kt:114)
	at com.android.build.gradle.
internal.SdkLocator.getSdkLoc
ation(SdkLocator.kt:322)
	at com.android.build.gradle.
internal.SdkLocator.getSdkDir
ectory(SdkLocator.kt:270)

Deprecated Gradle features were used in this build, making it incompatible with Gradle 9.0.

You can use '--warning-mode all' to show the individual deprecation warnings and determine if they come from your own scripts or plugins.

For more on this, please refer to https://docs.gradle.org/8.14.3/userguide/command_line_interface.html#sec:command_line_warnings in the Gradle documentation.
28 actionable tasks: 28 up-to-date
	at com.android.build.gradle.
internal.cxx.configure.NdkLoc
ator.findNdkPath(NdkLocator.k
t:424)
	at com.android.build.gradle.
internal.ndk.NdkHandler.getNd
kStatus(NdkHandler.kt:83)
	at com.android.build.gradle.
internal.ndk.NdkHandler.getNd
kPlatform(NdkHandler.kt:96)
	at com.android.build.gradle.
internal.cxx.gradle.generator
.CxxConfigurationModelKt.tryC
reateConfigurationParameters(
CxxConfigurationModel.kt:213)
	at com.android.build.gradle.
internal.cxx.configure.CxxCre
ateGradleTasksKt.createCxxTas
ks(CxxCreateGradleTasks.kt:89
)
	at com.android.build.gradle.
internal.VariantTaskManager.c
reateTopLevelTasks(VariantTas
kManager.kt:217)
	at com.android.build.gradle.
internal.VariantTaskManager.c
reateTasks(VariantTaskManager
.kt:141)
	at com.android.build.gradle.
internal.plugins.BasePlugin.c
reateAndroidTasks(BasePlugin.
kt:770)
	at com.android.build.gradle.
internal.plugins.BasePlugin$c
reateTasks$2$1.call(BasePlugi
n.kt:612)
	at com.android.build.gradle.
internal.profile.NoOpAnalytic
sConfiguratorService.recordBl
ock(NoOpAnalyticsConfigurator
Service.kt:57)
	at com.android.build.gradle.
internal.plugins.BasePlugin$c
reateTasks$2.accept(BasePlugi
n.kt:607)
	at com.android.build.gradle.
internal.plugins.BasePlugin$c
reateTasks$2.accept(BasePlugi
n.kt:604)
	at com.android.build.gradle.
internal.crash.CrashReporting
$afterEvaluate$1.execute(cras
h_reporting.kt:37)
	at com.android.build.gradle.
internal.crash.CrashReporting
$afterEvaluate$1.execute(cras
h_reporting.kt:35)
	at org.gradle.internal.code.
DefaultUserCodeApplicationCon
text$CurrentApplication$1.exe
cute(DefaultUserCodeApplicati
onContext.java:124)
	at org.gradle.configuration.
internal.DefaultListenerBuild
OperationDecorator$BuildOpera
tionEmittingAction$1.run(Defa
ultListenerBuildOperationDeco
rator.java:173)
	at org.gradle.internal.opera
tions.DefaultBuildOperationRu
nner$1.execute(DefaultBuildOp
erationRunner.java:30)
	at org.gradle.internal.opera
tions.DefaultBuildOperationRu
nner$1.execute(DefaultBuildOp
erationRunner.java:27)
	at org.gradle.internal.opera
tions.DefaultBuildOperationRu
nner$2.execute(DefaultBuildOp
erationRunner.java:67)
	at org.gradle.internal.opera
tions.DefaultBuildOperationRu
nner$2.execute(DefaultBuildOp
erationRunner.java:60)
	at org.gradle.internal.opera
tions.DefaultBuildOperationRu
nner.execute(DefaultBuildOper
ationRunner.java:167)
	at org.gradle.internal.opera
tions.DefaultBuildOperationRu
nner.execute(DefaultBuildOper
ationRunner.java:60)
	at org.gradle.internal.opera
tions.DefaultBuildOperationRu
nner.run(DefaultBuildOperatio
nRunner.java:48)
	at org.gradle.configuration.
internal.DefaultListenerBuild
OperationDecorator$BuildOpera
tionEmittingAction.execute(De
faultListenerBuildOperationDe
corator.java:170)
	at org.gradle.internal.event
.BroadcastDispatch$ActionInvo
cationHandler.dispatch(Broadc
astDispatch.java:99)
	at org.gradle.internal.event
.BroadcastDispatch$ActionInvo
cationHandler.dispatch(Broadc
astDispatch.java:87)
	at org.gradle.internal.event
.AbstractBroadcastDispatch.di
spatch(AbstractBroadcastDispa
tch.java:44)
	at org.gradle.internal.event
.BroadcastDispatch$SingletonD
ispatch.dispatch(BroadcastDis
patch.java:268)
	at org.gradle.internal.event
.BroadcastDispatch$SingletonD
ispatch.dispatch(BroadcastDis
patch.java:170)
	at org.gradle.internal.event
.AbstractBroadcastDispatch.di
spatch(AbstractBroadcastDispa
tch.java:84)
	at org.gradle.internal.event
.AbstractBroadcastDispatch.di
spatch(AbstractBroadcastDispa
tch.java:70)
	at org.gradle.internal.event
.BroadcastDispatch$CompositeD
ispatch.dispatch(BroadcastDis
patch.java:380)
	at org.gradle.internal.event
.BroadcastDispatch$CompositeD
ispatch.dispatch(BroadcastDis
patch.java:272)
	at org.gradle.internal.event
.ListenerBroadcast.dispatch(L
istenerBroadcast.java:160)
	at org.gradle.internal.event
.ListenerBroadcast.dispatch(L
istenerBroadcast.java:37)
	at org.gradle.internal.dispa
tch.ProxyDispatchAdapter$Disp
atchingInvocationHandler.invo
ke(ProxyDispatchAdapter.java:
92)
	at jdk.proxy1/jdk.proxy1.$Pr
oxy89.afterEvaluate(Unknown 
Source)
	at org.gradle.configuration.
project.LifecycleProjectEvalu
ator$NotifyAfterEvaluate$1.ex
ecute(LifecycleProjectEvaluat
or.java:247)
	at org.gradle.configuration.
project.LifecycleProjectEvalu
ator$NotifyAfterEvaluate$1.ex
ecute(LifecycleProjectEvaluat
or.java:244)
	at org.gradle.api.internal.p
roject.DefaultProject.stepEva
luationListener(DefaultProjec
t.java:1603)
	at org.gradle.configuration.
project.LifecycleProjectEvalu
ator$NotifyAfterEvaluate.run(
LifecycleProjectEvaluator.jav
a:253)
	... 252 more


BUILD FAILED in 3s
